// Vitest Snapshot v1, https://vitest.dev/guide/snapshot.html

exports[`golden playthrough (seed 7, warden+shadowfoot) > matches the recorded run 1`] = `
{
  "cardsPlaced": 2,
  "clues": {
    "how": "dagger",
    "where": "crypt",
  },
  "commands": [
    {
      "kind": "MoveSection",
      "toSection": "cloister_wall",
    },
    {
      "kind": "Inspect",
      "slotIdx": 0,
    },
    {
      "kind": "EndTurn",
    },
    {
      "ap": 3,
      "kind": "Attack",
      "targetId": "e2",
    },
    {
      "kind": "ReHide",
    },
    {
      "kind": "EndTurn",
    },
    {
      "ap": 3,
      "kind": "Attack",
      "targetId": "e3",
    },
    {
      "kind": "EndTurn",
    },
    {
      "kind": "ReHide",
    },
    {
      "kind": "ReHide",
    },
    {
      "kind": "ReHide",
    },
    {
      "kind": "EndTurn",
    },
    {
      "kind": "ReHide",
    },
    {
      "kind": "ReHide",
    },
    {
      "kind": "ReHide",
    },
    {
      "kind": "ReHide",
    },
    {
      "kind": "EndTurn",
    },
    {
      "kind": "ReHide",
    },
    {
      "kind": "ReHide",
    },
    {
      "kind": "ReHide",
    },
    {
      "kind": "ReHide",
    },
    {
      "kind": "EndTurn",
    },
    {
      "kind": "ReHide",
    },
    {
      "kind": "ReHide",
    },
    {
      "kind": "ReHide",
    },
    {
      "kind": "ReHide",
    },
    {
      "kind": "EndTurn",
    },
    {
      "kind": "ReHide",
    },
    {
      "kind": "ReHide",
    },
    {
      "kind": "ReHide",
    },
    {
      "kind": "ReHide",
    },
    {
      "kind": "EndTurn",
    },
    {
      "kind": "ReHide",
    },
    {
      "kind": "ReHide",
    },
    {
      "kind": "EndTurn",
    },
    {
      "kind": "ReHide",
    },
    {
      "kind": "ReHide",
    },
    {
      "kind": "ReHide",
    },
    {
      "kind": "ReHide",
    },
    {
      "kind": "ReHide",
    },
    {
      "kind": "EndTurn",
    },
    {
      "ap": 3,
      "kind": "Attack",
      "targetId": "e4",
    },
    {
      "kind": "EndTurn",
    },
    {
      "kind": "ReHide",
    },
    {
      "kind": "ReHide",
    },
    {
      "kind": "ReHide",
    },
    {
      "kind": "ReHide",
    },
    {
      "kind": "EndTurn",
    },
    {
      "ap": 3,
      "kind": "Attack",
      "targetId": "e6",
    },
    {
      "ap": 1,
      "kind": "Attack",
      "targetId": "e6",
    },
    {
      "kind": "EndTurn",
    },
    {
      "ap": 3,
      "kind": "Attack",
      "targetId": "e4",
    },
    {
      "ap": 1,
      "kind": "Attack",
      "targetId": "e4",
    },
    {
      "kind": "EndTurn",
    },
    {
      "ap": 3,
      "kind": "Attack",
      "targetId": "e10",
    },
    {
      "kind": "EndTurn",
    },
    {
      "ap": 2,
      "kind": "Attack",
      "targetId": "e4",
    },
    {
      "kind": "EndTurn",
    },
  ],
  "eventCounts": {
    "AlertChanged": 14,
    "ApSpent": 42,
    "AttackRolled": 9,
    "CardCountersTicked": 18,
    "CardPlaced": 1,
    "ClueRevealed": 2,
    "EncounterSpawned": 8,
    "EnemiesReset": 9,
    "EnemyActed": 24,
    "EnemyAttackRolled": 23,
    "EnemyDefeated": 3,
    "EnemyMoved": 8,
    "EnemySpawned": 11,
    "EnemyStateSwapped": 1,
    "ExitPeeked": 1,
    "GameEnded": 1,
    "HeroDamaged": 10,
    "HeroDowned": 2,
    "Moved": 1,
    "PhaseAdvanced": 1,
    "ResolutionUnlocked": 1,
    "RoundEnded": 9,
    "RoundStarted": 10,
    "RuneTriggered": 1,
    "SlotUsed": 1,
    "StealthRolled": 31,
    "StoryCardDrawn": 9,
    "SymbolFired": 1,
    "TilePoolDrawn": 1,
    "TokenDrawn": 1,
    "TurnEnded": 16,
    "TurnStarted": 16,
  },
  "finalHeroes": [
    {
      "classId": "warden",
      "downed": true,
      "hp": 0,
    },
    {
      "classId": "shadowfoot",
      "downed": true,
      "hp": 0,
    },
  ],
  "outcome": {
    "detail": "wipe",
    "kind": "loss",
  },
  "phaseIdx": 1,
  "rounds": 10,
}
`;
