// Vitest Snapshot v1, https://vitest.dev/guide/snapshot.html

exports[`golden playthrough (seed 7, warden+shadowfoot) > matches the recorded run 1`] = `
{
  "cardsPlaced": 2,
  "clues": {
    "where": "crypt",
    "who": "prior_amos",
  },
  "commands": [
    {
      "kind": "MoveSection",
      "toSection": "cloister_wall",
    },
    {
      "kind": "Inspect",
      "slotIdx": 0,
    },
    {
      "kind": "EndTurn",
    },
    {
      "kind": "MoveSection",
      "toSection": "cloister_wall",
    },
    {
      "exitIdx": 0,
      "kind": "CrossExit",
    },
    {
      "ap": 1,
      "kind": "Attack",
      "targetId": "e3",
    },
    {
      "kind": "EndTurn",
    },
    {
      "ap": 3,
      "kind": "Attack",
      "targetId": "e3",
    },
    {
      "kind": "EndTurn",
    },
    {
      "kind": "ReHide",
    },
    {
      "kind": "ReHide",
    },
    {
      "kind": "EndTurn",
    },
    {
      "kind": "ReHide",
    },
    {
      "kind": "ReHide",
    },
    {
      "kind": "ReHide",
    },
    {
      "kind": "EndTurn",
    },
    {
      "ap": 2,
      "kind": "Attack",
      "targetId": "e4",
    },
    {
      "ap": 2,
      "kind": "Attack",
      "targetId": "e4",
    },
    {
      "ap": 1,
      "kind": "Attack",
      "targetId": "e4",
    },
    {
      "kind": "EndTurn",
    },
    {
      "ap": 3,
      "kind": "Attack",
      "targetId": "e4",
    },
    {
      "ap": 2,
      "kind": "Attack",
      "targetId": "e4",
    },
    {
      "kind": "EndTurn",
    },
    {
      "ap": 3,
      "kind": "Attack",
      "targetId": "e2",
    },
    {
      "ap": 1,
      "kind": "Attack",
      "targetId": "e2",
    },
    {
      "kind": "EndTurn",
    },
    {
      "ap": 3,
      "kind": "Attack",
      "targetId": "e2",
    },
    {
      "ap": 1,
      "kind": "Attack",
      "targetId": "e2",
    },
    {
      "kind": "EndTurn",
    },
    {
      "ap": 3,
      "kind": "Attack",
      "targetId": "e4",
    },
    {
      "ap": 1,
      "kind": "Attack",
      "targetId": "e5",
    },
    {
      "kind": "EndTurn",
    },
    {
      "ap": 2,
      "kind": "Attack",
      "targetId": "e5",
    },
    {
      "kind": "EndTurn",
    },
    {
      "ap": 3,
      "kind": "Attack",
      "targetId": "e5",
    },
    {
      "kind": "EndTurn",
    },
    {
      "ap": 2,
      "kind": "Attack",
      "targetId": "e10",
    },
    {
      "kind": "EndTurn",
    },
    {
      "ap": 3,
      "kind": "Attack",
      "targetId": "e10",
    },
    {
      "ap": 1,
      "kind": "Attack",
      "targetId": "e10",
    },
    {
      "kind": "EndTurn",
    },
  ],
  "eventCounts": {
    "AlertChanged": 7,
    "AmbushResolved": 1,
    "ApSpent": 27,
    "AttackRolled": 18,
    "CardCountersTicked": 18,
    "CardPlaced": 1,
    "ClueRevealed": 2,
    "EncounterSpawned": 8,
    "EnemiesReset": 9,
    "EnemyActed": 33,
    "EnemyAttackRolled": 20,
    "EnemyDefeated": 4,
    "EnemyMoved": 21,
    "EnemySpawned": 12,
    "EnemyStateSwapped": 3,
    "ExitPeeked": 1,
    "GameEnded": 1,
    "HeroDamaged": 10,
    "HeroDowned": 2,
    "Moved": 3,
    "PhaseAdvanced": 1,
    "ResolutionUnlocked": 1,
    "RoundEnded": 9,
    "RoundStarted": 10,
    "RuneTriggered": 1,
    "SlotUsed": 1,
    "StealthRolled": 5,
    "StoryCardDrawn": 9,
    "SymbolFired": 1,
    "TilePoolDrawn": 1,
    "TokenDrawn": 1,
    "TurnEnded": 14,
    "TurnStarted": 14,
  },
  "finalHeroes": [
    {
      "classId": "warden",
      "downed": true,
      "hp": 0,
    },
    {
      "classId": "shadowfoot",
      "downed": true,
      "hp": 0,
    },
  ],
  "outcome": {
    "detail": "wipe",
    "kind": "loss",
  },
  "phaseIdx": 1,
  "rounds": 10,
}
`;
