// Vitest Snapshot v1, https://vitest.dev/guide/snapshot.html

exports[`golden playthrough (seed 7, warden+shadowfoot) > matches the recorded run 1`] = `
{
  "cardsPlaced": 4,
  "clues": {
    "how": "dagger",
    "where": "crypt",
  },
  "commands": [
    {
      "kind": "MoveSection",
      "toSection": "cloister_wall",
    },
    {
      "kind": "Inspect",
      "slotIdx": 0,
    },
    {
      "kind": "EndTurn",
    },
    {
      "ap": 3,
      "kind": "Attack",
      "targetId": "e2",
    },
    {
      "kind": "ReHide",
    },
    {
      "kind": "EndTurn",
    },
    {
      "ap": 3,
      "kind": "Attack",
      "targetId": "e3",
    },
    {
      "kind": "ReHide",
    },
    {
      "kind": "EndTurn",
    },
    {
      "exitIdx": 0,
      "kind": "CrossExit",
    },
    {
      "kind": "MoveSection",
      "toSection": "shed",
    },
    {
      "kind": "Inspect",
      "slotIdx": 0,
    },
    {
      "exitIdx": 0,
      "kind": "CrossExit",
    },
    {
      "kind": "EndTurn",
    },
    {
      "kind": "Inspect",
      "slotIdx": 0,
    },
    {
      "kind": "MoveSection",
      "toSection": "cistern",
    },
    {
      "exitIdx": 0,
      "kind": "CrossExit",
    },
    {
      "kind": "EndTurn",
    },
    {
      "kind": "ReHide",
    },
    {
      "kind": "ReHide",
    },
    {
      "kind": "ReHide",
    },
    {
      "kind": "ReHide",
    },
    {
      "kind": "ReHide",
    },
    {
      "kind": "EndTurn",
    },
    {
      "ap": 3,
      "kind": "Attack",
      "targetId": "e8",
    },
    {
      "ap": 2,
      "kind": "Attack",
      "targetId": "e8",
    },
    {
      "kind": "EndTurn",
    },
    {
      "ap": 3,
      "kind": "Attack",
      "targetId": "e6",
    },
    {
      "ap": 1,
      "kind": "Attack",
      "targetId": "e7",
    },
    {
      "kind": "EndTurn",
    },
    {
      "kind": "ReHide",
    },
    {
      "kind": "ReHide",
    },
    {
      "kind": "ReHide",
    },
    {
      "kind": "EndTurn",
    },
    {
      "ap": 3,
      "kind": "Attack",
      "targetId": "e10",
    },
    {
      "kind": "ReHide",
    },
    {
      "kind": "EndTurn",
    },
    {
      "ap": 2,
      "kind": "Attack",
      "targetId": "e14",
    },
    {
      "kind": "EndTurn",
    },
    {
      "ap": 3,
      "kind": "Attack",
      "targetId": "e15",
    },
    {
      "kind": "EndTurn",
    },
    {
      "ap": 3,
      "kind": "Attack",
      "targetId": "e13",
    },
    {
      "kind": "EndTurn",
    },
  ],
  "eventCounts": {
    "AlertChanged": 20,
    "AmbushResolved": 1,
    "ApSpent": 30,
    "AttackRolled": 10,
    "CardCountersTicked": 29,
    "CardPlaced": 3,
    "ClueRevealed": 2,
    "EncounterSpawned": 9,
    "EnemiesReset": 8,
    "EnemyActed": 25,
    "EnemyAttackRolled": 8,
    "EnemyDefeated": 8,
    "EnemyMoved": 17,
    "EnemySpawned": 15,
    "EnemyStateSwapped": 1,
    "ExitPeeked": 3,
    "GameEnded": 1,
    "HeroDamaged": 7,
    "HeroDetected": 2,
    "HeroDowned": 2,
    "HeroHealed": 1,
    "Moved": 6,
    "PhaseAdvanced": 1,
    "ResolutionUnlocked": 1,
    "RoundEnded": 8,
    "RoundStarted": 9,
    "RuneTriggered": 1,
    "SlotUsed": 3,
    "StealthRolled": 11,
    "StoryCardDrawn": 8,
    "SymbolFired": 1,
    "TilePoolDrawn": 3,
    "TokenDrawn": 3,
    "TurnEnded": 13,
    "TurnStarted": 13,
  },
  "finalHeroes": [
    {
      "classId": "warden",
      "downed": true,
      "hp": 0,
    },
    {
      "classId": "shadowfoot",
      "downed": true,
      "hp": 0,
    },
  ],
  "outcome": {
    "detail": "wipe",
    "kind": "loss",
  },
  "phaseIdx": 1,
  "rounds": 9,
}
`;
